// Jest Snapshot v1, https://goo.gl/fbAQLP

exports[`pick pick /* 1`] = `
{
  "fullPath": "/*",
  "params": {
    "*": "whatever/else",
  },
  "uri": "/",
}
`;

exports[`pick pick return value 1`] = `
{
  "fullPath": "/:one/:two/:three/:four/:five",
  "meta": "Fiver",
  "params": {
    "five": "five",
    "four": "four",
    "one": "one",
    "three": "three",
    "two": "two",
  },
  "uri": "/one/two/three/four/five",
}
`;

exports[`pick splat return value 1`] = `
{
  "fullPath": "/files/*",
  "meta": "FilesDeep",
  "params": {
    "*": "some/deep/path",
  },
  "uri": "/files",
}
`;
